<html>
<body>
<pre>
<h1>µVision Build Log</h1>
<h2>Tool Versions:</h2>
IDE-Version: ¦ÌVision V5.41.0.0
Copyright (C) 2024 ARM Ltd and ARM Germany GmbH. All rights reserved.
License Information: 1 8421, 11, LIC=ATTQ1-CQJUE-LQ50Q-NR2CH-73GTQ-9GM0W
 
Tool Versions:
Toolchain:       MDK-ARM Plus  Version: 5.41.0.0
Toolchain Path:  C:\program0\keil 5.38a\ARM\ARM\ARMCLANG\Bin
C Compiler:      ArmClang.exe V6.22
Assembler:       Armasm.exe V6.22
Linker/Locator:  ArmLink.exe V6.22
Library Manager: ArmAr.exe V6.22
Hex Converter:   FromElf.exe V6.22
CPU DLL:         
Dialog DLL:      
Target DLL:      CMSIS_AGDI_V8M.DLL V1.8.5.0
Dialog DLL:      TCM.DLL V1.56.4.0
 
<h2>Project:</h2>
C:\Users\8421\Desktop\fitness-rtt\PROJECT\rt-thread\bsp\nxp\mcx\mcxa\frdm-mcxa156\project.uvprojx
Project File Date:  05/01/2026

<h2>Output:</h2>
*** Using Compiler 'V6.22', folder: 'C:\program0\keil 5.38a\ARM\ARM\ARMCLANG\Bin'
Build target 'rtthread-frdm-mcxa156'
Note: source file '..\..\..\..\..\components\drivers\pin\dev_pin.c' - object file renamed from '.\build\pin.o' to '.\build\pin.o'.
Note: source file '..\..\..\..\..\components\drivers\serial\dev_serial.c' - object file renamed from '.\build\serial.o' to '.\build\serial.o'.
compiling main.c...
assembling startup_MCXA156.s...
linking...
Program Size: Code=93208 RO-data=22972 RW-data=932 ZI-data=7812  
".\build\rtthread.axf" - 0 Error(s), 0 Warning(s).

<h2>Software Packages used:</h2>

Package Vendor: NXP
                https://mcuxpresso.nxp.com/cmsis_pack/repo/NXP.MCXA156_DFP.19.0.0.pack
                NXP::MCXA156_DFP@19.0.0
                Device Family Pack for MCXA156

<h2>Collection of Component include folders:</h2>
  C:/Users/8421/AppData/Local/Arm/Packs/NXP/MCXA156_DFP/19.0.0/devices/MCXA156

<h2>Collection of Component Files used:</h2>
Build Time Elapsed:  00:00:01
</pre>
</body>
</html>
